[INFO] Scanning for projects...
[INFO] 
[INFO] -------------------------< com.ecomdemo:demo >--------------------------
[INFO] Building demo 0.0.1-SNAPSHOT
[INFO]   from pom.xml
[INFO] --------------------------------[ jar ]---------------------------------
[INFO] 
[INFO] --- clean:3.5.0:clean (default-clean) @ demo ---
[INFO] Deleting C:\Users\RadhikaAgarwal\Downloads\demo\demo\target
[INFO] 
[INFO] --- resources:3.3.1:resources (default-resources) @ demo ---
[INFO] Copying 3 resources from src\main\resources to target\classes
[INFO] Copying 1 resource from src\main\resources to target\classes
[INFO] 
[INFO] --- compiler:3.14.1:compile (default-compile) @ demo ---
[INFO] Recompiling the module because of changed source code.
[INFO] Compiling 85 source files with javac [debug parameters release 21] to target\classes
[INFO] Annotation processing is enabled because one or more processors were found
  on the class path. A future release of javac may disable annotation processing
  unless at least one processor is specified by name (-processor), or a search
  path is specified (--processor-path, --processor-module-path), or annotation
  processing is enabled explicitly (-proc:only, -proc:full).
  Use -Xlint:-options to suppress this message.
  Use -proc:none to disable annotation processing.
[INFO] /C:/Users/RadhikaAgarwal/Downloads/demo/demo/src/main/java/com/omnistore/security/JwtService.java: Some input files use or override a deprecated API.
[INFO] /C:/Users/RadhikaAgarwal/Downloads/demo/demo/src/main/java/com/omnistore/security/JwtService.java: Recompile with -Xlint:deprecation for details.
[INFO] 
[INFO] --- resources:3.3.1:testResources (default-testResources) @ demo ---
[INFO] skip non existing resourceDirectory C:\Users\RadhikaAgarwal\Downloads\demo\demo\src\test\resources
[INFO] 
[INFO] --- compiler:3.14.1:testCompile (default-testCompile) @ demo ---
[INFO] Recompiling the module because of changed dependency.
[INFO] Compiling 5 source files with javac [debug parameters release 21] to target\test-classes
[INFO] Annotation processing is enabled because one or more processors were found
  on the class path. A future release of javac may disable annotation processing
  unless at least one processor is specified by name (-processor), or a search
  path is specified (--processor-path, --processor-module-path), or annotation
  processing is enabled explicitly (-proc:only, -proc:full).
  Use -Xlint:-options to suppress this message.
  Use -proc:none to disable annotation processing.
[INFO] -------------------------------------------------------------
[ERROR] COMPILATION ERROR : 
[INFO] -------------------------------------------------------------
[ERROR] /C:/Users/RadhikaAgarwal/Downloads/demo/demo/src/test/java/com/omnistore/controller/CategoryControllerTest.java:[10,63] package org.springframework.boot.test.autoconfigure.web.servlet does not exist
[ERROR] /C:/Users/RadhikaAgarwal/Downloads/demo/demo/src/test/java/com/omnistore/controller/CategoryControllerTest.java:[11,50] package org.springframework.boot.test.mock.mockito does not exist
[ERROR] /C:/Users/RadhikaAgarwal/Downloads/demo/demo/src/test/java/com/omnistore/controller/CategoryControllerTest.java:[22,2] cannot find symbol
  symbol: class WebMvcTest
[ERROR] /C:/Users/RadhikaAgarwal/Downloads/demo/demo/src/test/java/com/omnistore/controller/CategoryControllerTest.java:[28,6] cannot find symbol
  symbol:   class MockBean
  location: class com.omnistore.controller.CategoryControllerTest
[INFO] 4 errors 
[INFO] -------------------------------------------------------------
[INFO] ------------------------------------------------------------------------
[INFO] BUILD FAILURE
[INFO] ------------------------------------------------------------------------
[INFO] Total time:  8.923 s
[INFO] Finished at: 2026-02-24T14:36:37+05:30
[INFO] ------------------------------------------------------------------------
[ERROR] Failed to execute goal org.apache.maven.plugins:maven-compiler-plugin:3.14.1:testCompile (default-testCompile) on project demo: Compilation failure: Compilation failure: 
[ERROR] /C:/Users/RadhikaAgarwal/Downloads/demo/demo/src/test/java/com/omnistore/controller/CategoryControllerTest.java:[10,63] package org.springframework.boot.test.autoconfigure.web.servlet does not exist
[ERROR] /C:/Users/RadhikaAgarwal/Downloads/demo/demo/src/test/java/com/omnistore/controller/CategoryControllerTest.java:[11,50] package org.springframework.boot.test.mock.mockito does not exist
[ERROR] /C:/Users/RadhikaAgarwal/Downloads/demo/demo/src/test/java/com/omnistore/controller/CategoryControllerTest.java:[22,2] cannot find symbol
[ERROR]   symbol: class WebMvcTest
[ERROR] /C:/Users/RadhikaAgarwal/Downloads/demo/demo/src/test/java/com/omnistore/controller/CategoryControllerTest.java:[28,6] cannot find symbol
[ERROR]   symbol:   class MockBean
[ERROR]   location: class com.omnistore.controller.CategoryControllerTest
[ERROR] -> [Help 1]
[ERROR] 
[ERROR] To see the full stack trace of the errors, re-run Maven with the -e switch.
[ERROR] Re-run Maven using the -X switch to enable full debug logging.
[ERROR] 
[ERROR] For more information about the errors and possible solutions, please read the following articles:
[ERROR] [Help 1] http://cwiki.apache.org/confluence/display/MAVEN/MojoFailureException
